// Jest Snapshot v1, https://goo.gl/fbAQLP

exports[`DarkHeader component renders the header correctly 1`] = `
<section
  className="dark-header"
>
  <h1
    className="dark-header-h1"
  >
    Chord Courier
  </h1>
  <h2
    className="dark-header-h2"
  >
    Delivering fresh chords
  </h2>
</section>
`;
