// Jest Snapshot v1, https://goo.gl/fbAQLP

exports[`SearchForm component renders no chords initially 1`] = `
<Fragment>
  <DarkNav />
  <DarkHeader />
  <section
    className="search-form"
  >
    <form
      className="key-search-form"
      onSubmit={[Function]}
    >
      <select
        className="key-choices"
        onChange={[Function]}
      >
        <option
          value="A"
        >
          A Major
        </option>
        <option
          value="Bb"
        >
          Bb Major
        </option>
        <option
          value="B"
        >
          B Major
        </option>
        <option
          value="C"
        >
          C Major
        </option>
        <option
          value="Db"
        >
          Db Major
        </option>
        <option
          value="D"
        >
          D Major
        </option>
        <option
          value="Eb"
        >
          Eb Major
        </option>
        <option
          value="E"
        >
          E Major
        </option>
        <option
          value="F"
        >
          F Major
        </option>
        <option
          value="F#"
        >
          F# Major
        </option>
        <option
          value="G"
        >
          G Major
        </option>
        <option
          value="Ab"
        >
          Ab Major
        </option>
        <option
          value="Cm"
        >
          C Minor
        </option>
        <option
          value="C#m"
        >
          C# Minor
        </option>
        <option
          value="Dm"
        >
          D Minor
        </option>
        <option
          value="D#m"
        >
          D# Minor
        </option>
        <option
          value="Em"
        >
          E Minor
        </option>
        <option
          value="Fm"
        >
          F Minor
        </option>
        <option
          value="F#m"
        >
          C Minor
        </option>
        <option
          value="Gm"
        >
          G Minor
        </option>
        <option
          value="G#m"
        >
          G# Minor
        </option>
        <option
          value="Am"
        >
          A Minor
        </option>
        <option
          value="Bbm"
        >
          Bb Minor
        </option>
        <option
          value="Bm"
        >
          B Minor
        </option>
      </select>
    </form>
    <button
      className="progression-randomizer"
      onClick={[Function]}
      type="button"
    >
      Build progression
    </button>
    <ChordDisplay
      chords={Array []}
      progression=""
    />
  </section>
</Fragment>
`;
